08:13:24 **** Incremental Build of configuration Debug for project Project_2_analog ****
make -j8 all 
arm-none-eabi-gcc "../Core/Src/main.c" -mcpu=cortex-m4 -std=gnu11 -g3 -DUSE_HAL_DRIVER -DDEBUG -DSTM32F429xx -c -I../Drivers/CMSIS/Include -I../Drivers/STM32F4xx_HAL_Driver/Inc -I../Core/Inc -I../Drivers/CMSIS/Device/ST/STM32F4xx/Include -I../Drivers/STM32F4xx_HAL_Driver/Inc/Legacy -O0 -ffunction-sections -fdata-sections -Wall -fstack-usage -MMD -MP -MF"Core/Src/main.d" -MT"Core/Src/main.o" --specs=nano.specs -mfpu=fpv4-sp-d16 -mfloat-abi=hard -mthumb -o "Core/Src/main.o"
arm-none-eabi-gcc -o "Project_2_analog.elf" @"objects.list"   -mcpu=cortex-m4 -T"C:\Users\chira\STM32CubeIDE\workspace_1.3.0\Project_2_analog\STM32F429ZITX_FLASH.ld" --specs=nosys.specs -Wl,-Map="Project_2_analog.map" -Wl,--gc-sections -static -u _printf_float --specs=nano.specs -mfpu=fpv4-sp-d16 -mfloat-abi=hard -mthumb -Wl,--start-group -lc -lm -Wl,--end-group
Finished building target: Project_2_analog.elf
 
arm-none-eabi-objdump -h -S  Project_2_analog.elf  > "Project_2_analog.list"
arm-none-eabi-objcopy  -O binary  Project_2_analog.elf  "Project_2_analog.bin"
arm-none-eabi-size   Project_2_analog.elf 
   text	   data	    bss	    dec	    hex	filename
  25700	    500	   1772	  27972	   6d44	Project_2_analog.elf
Finished building: default.size.stdout
 
Finished building: Project_2_analog.bin
 
Finished building: Project_2_analog.list
 
